
Memory Configuration

Name             Origin             Length             Attributes
FLASH            0x08000000         0x00080000         xr
SRAM             0x20000000         0x00020000         xrw
*default*        0x00000000         0xffffffff

Linker script and memory map

LOAD object\kmain.o
LOAD object\stm32_startup.o
LOAD object\scb.o
LOAD object\clock.o
LOAD object\usart.o
LOAD object\gpio.o
LOAD object\timer.o
LOAD object\kstdio.o
LOAD object\sys_init.o
LOAD object\sys.o

.text           0x08000000     0x1dd4
                0x08000000                _stext = .
 *(.isr_vector)
 .isr_vector    0x08000000      0x1c4 object\stm32_startup.o
                0x08000000                NVIC_VECTOR
 *(.text)
 .text          0x080001c4      0x4cc object\kmain.o
                0x080001c4                EXTI0_Handler
                0x08000214                EXTI1_Handler
                0x08000264                kmain
 .text          0x08000690       0xec object\stm32_startup.o
                0x08000690                Reset_Handler
                0x08000748                FLASH_Handler
                0x08000748                SVCall_Handler
                0x08000748                DMA2_Stream7_Handler
                0x08000748                OTG_HS_Handler
                0x08000748                SPI4_Handler
                0x08000748                DMA2_Stream3_Handler
                0x08000748                USART3_Handler
                0x08000748                PendSV_Handler
                0x08000748                NMI_Handler
                0x08000748                SAI1_Handler
                0x08000748                TIM6_DAC_Handler
                0x08000748                CAN1_RX1_Handler
                0x08000748                EXTI15_10_Handler
                0x08000748                ADC_Handler
                0x08000748                I2C1_EV_Handler
                0x08000748                TAMP_STAMP_Handler
                0x08000748                I2C3_ER_Handler
                0x08000748                WWDG_Handler
                0x08000748                EXTI4_Handler
                0x08000748                I2C3_EV_Handler
                0x08000748                DMA1_Stream1_Handler
                0x08000748                DMA2_Stream4_Handler
                0x08000748                DMA1_Stream7_Handler
                0x08000748                OTG_FS_Handler
                0x08000748                TIM1_BRK_TIM9_Handler
                0x08000748                I2C1_ER_Handler
                0x08000748                DMA1_Stream3_Handler
                0x08000748                UsageFault_Handler
                0x08000748                TIM1_UP_TIM10_Handler
                0x08000748                CAN1_RX0_Handler
                0x08000748                TIM1_CC_Handler
                0x08000748                I2C2_ER_Handler
                0x08000748                USART6_Handler
                0x08000748                TIM8_CC_Handler
                0x08000748                HDMI_CEC_Handler
                0x08000748                SAI2_Handler
                0x08000748                CAN1_SCE_Handler
                0x08000748                DMA1_Stream0_Handler
                0x08000748                OTG_HS_EP1_OUT_Handler
                0x08000748                RTC_WKUP_Handler
                0x08000748                FMC_Handler
                0x08000748                EXTI3_Handler
                0x08000748                EXTI2_Handler
                0x08000748                UART4_Handler
                0x08000748                CAN2_RX1_Handler
                0x08000748                EXTI9_5_Handler
                0x08000748                TIM2_Handler
                0x08000748                USART1_Handler
                0x08000748                CAN2_SCE_Handler
                0x08000748                TIM3_Handler
                0x08000748                DMA2_Stream6_Handler
                0x08000748                OTG_FS_WKUP_Handler
                0x08000748                Default_Handler
                0x08000748                DCMI_Handler
                0x08000748                TIM1_TRG_COM_TIM11_Handler
                0x08000748                RTC_Alarm_Handler
                0x08000748                TIM4_Handler
                0x08000748                TIM8_UP_TIM13_Handler
                0x08000748                CAN2_TX_Handler
                0x08000748                SPI2_Handler
                0x08000748                DMA2_Stream1_Handler
                0x08000748                DMA1_Stream2_Handler
                0x08000748                OTG_HS_WKUP_Handler
                0x08000748                TIM8_BRK_TIM12_Handler
                0x08000748                CAN2_RX0_Handler
                0x08000748                DMA2_Stream5_Handler
                0x08000748                DMA1_Stream6_Handler
                0x08000748                SDIO_Handler
                0x08000748                FMPI2C1_ERR_Handler
                0x08000748                USART2_Handler
                0x08000748                SPI1_Handler
                0x08000748                I2C2_EV_Handler
                0x08000748                SPDIF_Rx_Handler
                0x08000748                DMA2_Stream2_Handler
                0x08000748                SPI3_Handler
                0x08000748                DMA2_Stream0_Handler
                0x08000748                RCC_Handler
                0x08000748                PVD_Handler
                0x08000748                UART5_Handler
                0x08000748                DMA1_Stream5_Handler
                0x08000748                TIM5_Handler
                0x08000748                QuadSPI_Handler
                0x08000748                TIM7_Handler
                0x08000748                TIM8_TRG_COM_TIM14_Handler
                0x08000748                CAN1_TX_Handler
                0x08000748                FPU_Handler
                0x08000748                FMPI2C1_Handler
                0x08000748                DebugMonitor_Handler
                0x08000748                DMA1_Stream4_Handler
                0x08000748                OTG_HS_EP1_IN_Handler
                0x0800074e                HardFault_Handler
                0x08000754                MemManage_Handler
                0x0800075a                BusFault_Handler
                0x08000760                update_global_tick_count
 .text          0x0800077c       0x24 object\scb.o
                0x0800077c                DRV_FPU_ACTIVE
 .text          0x080007a0       0xbc object\clock.o
                0x080007a0                DRV_CLOCK_INIT
 .text          0x0800085c      0x1b8 object\usart.o
                0x0800085c                DRV_USART_INIT
                0x08000918                UART_SendChar
                0x08000946                _USART_WRITE
                0x08000974                _USART_READ
                0x080009e8                UART_GetChar
 .text          0x08000a14       0x20 object\gpio.o
                0x08000a14                DRV_GPIO_INIT
 .text          0x08000a34        0xe object\timer.o
                0x08000a34                DRV_TIMER_INIT
 *fill*         0x08000a42        0x2 
 .text          0x08000a44      0x910 object\kstdio.o
                0x08000a44                itoa
                0x08000b48                ftoa
                0x08000c3c                atof
                0x08000e24                kprintf
                0x0800111c                kscanf
 .text          0x08001354       0x2c object\sys_init.o
                0x08001354                __sys_init
 .text          0x08001380      0x564 object\sys.o
                0x08001380                sysTick_enable
                0x080013a4                sysTick_disable
                0x080013c4                getSysTickCount
                0x080013dc                sysTick_init
                0x08001450                updateSysTick
                0x080014ac                getTime
                0x080014e0                SysTick_Handler
                0x08001524                __NVIC_SetPriority
                0x0800155c                __NVIC_GetPriority
                0x08001594                __NVIC_EnableIRQn
                0x080015f0                __NVIC_DisableIRQn
                0x08001650                __get_pending_IRQn
                0x080016a8                __clear_pending_IRQn
                0x0800170c                __set_pending_IRQn
                0x0800176c                __NVIC_GetActive
                0x080017e4                __disable_irq
                0x080017f4                __enable_irq
                0x08001804                __set_BASEPRI
                0x08001824                __unset_BASEPRI
                0x08001840                __set_PRIMASK
                0x0800185a                __get_PRIMASK
                0x08001874                __enable_fault_irq
                0x08001884                __set_FAULTMASK
                0x0800189e                __disable_fault_irq
                0x080018ae                __get_FAULTMASK
                0x080018c8                __get_BASEPRI
 *(.rodata)
 .rodata        0x080018e4      0x4d9 object\kmain.o
 *fill*         0x08001dbd        0x3 
 .rodata        0x08001dc0       0x11 object\kstdio.o
                0x08001dd4                . = ALIGN (0x4)
 *fill*         0x08001dd1        0x3 
                0x08001dd4                _etext = .
                0x08001dd4                _la_data = LOADADDR (.data)

.glue_7         0x08001dd4        0x0
 .glue_7        0x08001dd4        0x0 linker stubs

.glue_7t        0x08001dd4        0x0
 .glue_7t       0x08001dd4        0x0 linker stubs

.vfp11_veneer   0x08001dd4        0x0
 .vfp11_veneer  0x08001dd4        0x0 linker stubs

.v4_bx          0x08001dd4        0x0
 .v4_bx         0x08001dd4        0x0 linker stubs

.iplt           0x08001dd4        0x0
 .iplt          0x08001dd4        0x0 object\kmain.o

.rel.dyn        0x08001dd4        0x0
 .rel.iplt      0x08001dd4        0x0 object\kmain.o

.data           0x20000000        0x0 load address 0x08001dd4
                0x20000000                _sdata = .
 *(.data)
 .data          0x20000000        0x0 object\kmain.o
 .data          0x20000000        0x0 object\stm32_startup.o
 .data          0x20000000        0x0 object\scb.o
 .data          0x20000000        0x0 object\clock.o
 .data          0x20000000        0x0 object\usart.o
 .data          0x20000000        0x0 object\gpio.o
 .data          0x20000000        0x0 object\timer.o
 .data          0x20000000        0x0 object\kstdio.o
 .data          0x20000000        0x0 object\sys_init.o
 .data          0x20000000        0x0 object\sys.o
                0x20000000                . = ALIGN (0x4)
                0x20000000                _edata = .

.igot.plt       0x20000000        0x0 load address 0x08001dd4
 .igot.plt      0x20000000        0x0 object\kmain.o

.bss            0x20000000       0x18 load address 0x08001dd4
                0x20000000                _sbss = .
 *(.bss)
 .bss           0x20000000        0x0 object\kmain.o
 .bss           0x20000000       0x10 object\stm32_startup.o
                0x20000000                _bss_size
                0x20000004                _data_size
                0x20000008                _text_size
                0x2000000c                g_tick_count
 .bss           0x20000010        0x0 object\scb.o
 .bss           0x20000010        0x0 object\clock.o
 .bss           0x20000010        0x0 object\usart.o
 .bss           0x20000010        0x0 object\gpio.o
 .bss           0x20000010        0x0 object\timer.o
 .bss           0x20000010        0x0 object\kstdio.o
 .bss           0x20000010        0x0 object\sys_init.o
 .bss           0x20000010        0x8 object\sys.o
                0x20000010                mscount
                0x20000014                ticksCount
                0x20000018                _ebss = .
OUTPUT(target\asst01.elf elf32-littlearm)
LOAD linker stubs

.comment        0x00000000       0x49
 .comment       0x00000000       0x49 object\kmain.o
                                 0x4a (size before relaxing)
 .comment       0x00000049       0x4a object\stm32_startup.o
 .comment       0x00000049       0x4a object\scb.o
 .comment       0x00000049       0x4a object\clock.o
 .comment       0x00000049       0x4a object\usart.o
 .comment       0x00000049       0x4a object\gpio.o
 .comment       0x00000049       0x4a object\timer.o
 .comment       0x00000049       0x4a object\kstdio.o
 .comment       0x00000049       0x4a object\sys_init.o
 .comment       0x00000049       0x4a object\sys.o

.ARM.attributes
                0x00000000       0x34
 .ARM.attributes
                0x00000000       0x34 object\kmain.o
 .ARM.attributes
                0x00000034       0x34 object\stm32_startup.o
 .ARM.attributes
                0x00000068       0x34 object\scb.o
 .ARM.attributes
                0x0000009c       0x34 object\clock.o
 .ARM.attributes
                0x000000d0       0x34 object\usart.o
 .ARM.attributes
                0x00000104       0x34 object\gpio.o
 .ARM.attributes
                0x00000138       0x34 object\timer.o
 .ARM.attributes
                0x0000016c       0x34 object\kstdio.o
 .ARM.attributes
                0x000001a0       0x34 object\sys_init.o
 .ARM.attributes
                0x000001d4       0x34 object\sys.o
